Analyst took 45.30 sec
Architect took 53.75 sec
Critic took 77.86 sec
Planner took 168.69 sec
Consensus took 196.29 sec

===== ANALYST =====

1. Objectives:
   - Develop a FastAPI application for managing to-do lists.
   - Ensure the system can handle CRUD operations (Create, Read, Update, Delete) for to-dos.
   - Implement authentication and authorization mechanisms.
   - Provide endpoints for users to manage their own to-do items.

2. Functional Requirements:
   2.1 User Authentication:
     - The application should support user registration and login using HTTP Basic Auth or JWT tokens.
   
   2.2 To-Do Management:
     - Users should be able to create new to-dos with a title, description, due date, priority level (low, medium, high), and status (not started, in progress, completed).
     - Users should be able to retrieve all their to-dos.
     - Users should be able to update existing to-do items by changing the title, description, due date, priority level, and status.
     - Users should be able to delete specific to-do items from their list.

   2.3 Authorization:
     - Each user's to-do data must only be accessible within the context of that user’s authenticated session.
     - Only authorized users can perform operations on other users' to-dos (e.g., view, update).

   2.4 Error Handling and Validation:
     - Validate input parameters for each API endpoint using appropriate schemas or validators.
     - Handle errors gracefully by providing meaningful error messages and HTTP status codes.

3. Non-Functional Requirements:
   - Performance: The application should handle a load of up to 50 concurrent users within acceptable response times (e.g., under 1 second).
   - Security: Implement security measures such as input sanitization, protection against SQL injection/OWASP Top Ten vulnerabilities.
   - Scalability: Design the system to support future growth in user base and data volume without compromising performance or security.

4. Constraints:
   - The application must be built using Python 3.8+ with FastAPI framework.
   - Use a relational database like PostgreSQL for storing to-do items and related metadata.
   - Ensure that JWT tokens are used for authentication instead of HTTP Basic Auth, as it is more secure.
   - Implement rate limiting to prevent abuse of the application if necessary.
   - The application should be deployed on a server environment (e.g., Docker with Kubernetes) managed by AWS or GCP.
   - Design and implement robust error logging to facilitate debugging and monitoring.

===== ARCHITECT =====

1. System Architecture:
   - Centralized API Gateway: Manages requests and route traffic to different microservices.
   - User Management Service: Handles user authentication, authorization, and session management.
   - To-Do Management Service: Stores and retrieves to-do items with their metadata.
   - Database Microservice (PostgreSQL): Responsible for storing the database schema and data.
   - Logging Microservice: Monitors application health and logs errors.

2. Major Components:
   - API Gateway
   - User Management Service
   - To-Do Management Service
   - Database Microservice (PostgreSQL)
   - Logging Microservice

3. Technology Stack:
   - Programming Language: Python 3.8+
   - Framework: FastAPI for the main application and microservices.
   - Authentication/Authorization: JWT tokens, implemented in User Management Service with dependency on Auth0 or similar authentication backend for user sessions management.
   - Database: PostgreSQL
   - API Gateway & Microservice Orchestration: Kong (microservices) + Kubernetes/Gateway Load Balancer
   - Security: Input sanitization and protection against SQL injection/OWASP Top Ten vulnerabilities, implemented in To-Do Management Service and User Management Service.
   - Error Logging: AWS CloudWatch or Google Stackdriver for logging with a centralized dashboard using Grafana.

4. Data Flow:
   1. A user accesses the application through the API Gateway via HTTP requests.
   2. The API Gateway forwards authenticated requests to the appropriate microservice (User Management, To-Do Management, etc.) based on route and method.
   3. User Management Service handles authentication and authorization, verifying JWT tokens and managing sessions.
   4. If the user has permission, they are routed directly to the requested microservice or its specific endpoint within the microservice structure (e.g., Users -> CRUD operations).
   5. To-Do Management Service interacts with the Database Microservice for read/write operations on the database, ensuring data integrity and consistency.
   6. Logging is centralized in the Logging Microservice where all relevant events are logged for debugging and monitoring purposes.

===== CRITIC =====

1. Risks:
   - Authentication/Authorization: If JWT tokens are improperly managed or intercepted, it could lead to unauthorized access or session hijacking.
   - Data Security: Inadequate input sanitization can expose sensitive data through vulnerabilities like SQL injection or cross-site scripting (XSS).
   - Scalability Issues: The architecture may struggle with high load if the database and services cannot scale independently. Network latency between services could also impact performance.
   - Logging/Monitoring: Poor implementation of logging could result in missing critical error details, making troubleshooting difficult.
   - Integration Complexity: Complex interactions between microservices might introduce additional points of failure or inefficiencies.

2. Scalability Issues:
   - Database Performance: As the number of users increases, so does the load on PostgreSQL. Scaling database performance will require optimizations like indexing, sharding, or switching to a distributed database system.
   - Microservice Latency: If there are too many services communicating directly with each other (e.g., through direct HTTP requests), it can lead to increased latency and decreased overall service availability.
   - Load Balancing: Ensuring even load distribution across multiple instances of microservices might require additional configurations or tools, such as Kubernetes cluster management.

3. Security Concerns:
   - Authentication/Authorization: Weak implementation of JWT tokens could allow unauthorized access if the token is not securely generated (e.g., using HS256 algorithm with a secret key).
   - Input Validation: Insufficient input validation could expose users to XSS attacks, SQL injection, or other vulnerabilities.
   - Session Management: Improper management of user sessions might lead to session fixation or cookie hijacking.

4. Missing Components:
   - Security Monitoring and Alerts: While the architecture includes logging for security purposes, it may lack real-time monitoring alerts that can trigger response actions quickly in case of suspicious activities.
   - User Interface (UI): A UI component is not specified, which could be a critical oversight as a user-friendly interface is essential for usability and adoption.
   - Continuous Integration/Continuous Deployment (CI/CD): The architecture description does not mention automated testing or deployment processes, making it challenging to ensure quality code changes are deployed correctly without human error.

5. Recommendations:
   - Authentication: For improved security, consider using OAuth2 with JWT tokens through an identity provider like Auth0, which would also provide session management features.
   - Input Validation: Implement additional layers of input validation such as front-end sanitization and middleware-level validation

===== PLANNER =====

Phase 1:
Tasks

### Phase 1 Tasks

#### Task 1.1: Design API Endpoints for User Authentication
- **Description:** Create endpoints for user registration, login, logout, token refresh, and session management.
- **Dependencies:** FastAPI framework, JWT library (such as PyJWT), Database Microservice.
- **Deliverables:** API documentation, registered models (User, Token), authentication/authorization decorators.

#### Task 1.2: Design CRUD Endpoints for To-Dos
- **Description:** Create endpoints to manage to-do items with validation and error handling in place.
- **Dependencies:** FastAPI framework, Database Microservice.
- **Deliverables:** API documentation, model definitions (ToDo), validation schemas.

#### Task 1.3: Implement JWT Token Authentication Mechanism
- **Description:** Integrate JWT tokens for secure authentication throughout the application.
- **Dependencies:** FastAPI framework, PyJWT library.
- **Deliverables:** Secure endpoints with token verification and session management logic.

#### Task 1.4: Create Error Handling Logic
- **Description:** Implement error handling to provide meaningful messages and HTTP status codes for various API responses.
- **Dependencies:** FastAPI framework, Standard exception classes (BaseException).
- **Deliverables:** Error handler middleware, custom response models for different types of errors.

#### Task 1.5: Design User Session Management
- **Description:** Develop a session management system to track user sessions and apply authorization checks based on JWT tokens.
- **Dependencies:** FastAPI framework, Database Microservice.
- **Deliverables:** Session model (Session), token validation logic within middleware or decorators.

#### Task 1.6: Unit Testing Authentication Endpoints
- **Description:** Write unit tests for the authentication endpoints to ensure they function correctly under various scenarios.
- **Dependencies:** PyTest library, FastAPI testing utilities.
- **Deliverables:** Unit test cases and coverage report for authentication endpoints.

Phase 2:
Tasks

### Phase 2 Tasks

#### Task 2.1: Develop CRUD Operations Endpoints
- **Description:** Create endpoints to handle creating, reading, updating, and deleting to-do items with proper validation and input sanitization.
- **Dependencies:** FastAPI framework, Database Microservice.
- **Deliverables:** API documentation, model definitions (ToDo), input validators.

#### Task 2.2: Implement Role-Based Access Control
- **Description:** Integrate role-based access control to ensure only authorized users can modify or delete other user’s to-dos.
- **Dependencies:** FastAPI framework, Database Microservice.
- **Deliverables:** Custom roles (e.g., admin, regular_user), authorization checks within endpoint logic.

#### Task 2.3: Add Input Validation Middleware
- **Description:** Implement middleware that validates input parameters for all API endpoints to ensure data integrity and security.
- **Dependencies:** FastAPI framework, Pydantic library (for schemas).
- **Deliverables:** Custom schema definitions, input validation middleware.

#### Task 2.4: Secure API Gateway Integration
- **Description:** Ensure the API Gateway properly forwards requests to the appropriate microservices with proper authentication/authorization checks.
- **Dependencies:** FastAPI framework, Database Microservice.
- **Deliverables:** Authentication middleware for API Gateway, session management within API Gateway.

#### Task 2.5: Refactor Existing Code and Cleanup
- **Description:** Review and refactor existing code to ensure it follows best practices and adheres to design patterns.
- **Dependencies:** Linters (e.g., PyLint), Static analysis tools.
- **Deliverables:** Cleaned-up codebase, improved API documentation.

Phase 3:
Tasks

### Phase 3 Tasks

#### Task 3.1: Add Rate Limiting Middleware
- **Description:** Implement rate limiting middleware to prevent abuse of the application by throttling request rates from a single IP or user agent.
- **Dependencies:** FastAPI framework, Redis (for caching).
- **Deliverables:** Rate limit settings configuration, implementation within API Gateway.

#### Task 3.2: Integrate Logging Microservice
- **Description:** Connect the logging microservice to capture all relevant events and errors for monitoring and debugging purposes.
- **Dependencies:** FastAPI framework, Logging Microservice.
- **Deliverables:** Configuration files (e.g., log level settings), integration logs within API Gateway.

#### Task 3.3: Implement Security Measures
- **Description:** Apply security measures such as input sanitization to protect against vulnerabilities like SQL injection and XSS attacks.
- **Dependencies:** FastAPI framework, Secure coding practices.
- **Deliverables:** Updated middleware for sanitizing inputs, security-related code reviews.

#### Task 3.4: Design CI/CD Pipeline
- **Description:** Establish a Continuous Integration/Continuous Deployment (CI/CD) pipeline to automate testing and deployment processes.
- **Dependencies:** Git integration, Docker images, Kubernetes cluster.
- **Deliverables:** CI/CD configuration files, automated tests for security and functionality.

#### Task 3.5: Design User Interface
- **Description:** Integrate a user interface (UI) component that interacts with the API to provide an interactive experience for users.
- **Dependencies:** Frontend framework (e.g., React, Angular), RESTful API integration.
- **Deliverables:** UI prototype or mock-up, frontend codebase.

#### Task 3.6: Final Code Review and Documentation
- **Description:** Conduct a final review of the application to catch any remaining issues and provide comprehensive documentation for future maintenance.
- **Dependencies:** Static analysis tools (e.g., Flake8), API documentation tools.
- **Deliverables:** Revised codebase, updated API documentation.

===== CONSENSUS =====

# FINAL TECHNICAL SPECIFICATION

## Project Overview
The project aims to develop a FastAPI application for managing to-do lists. The system will support user authentication and authorization, allowing users to create, read, update, and delete their own to-dos. It will also handle CRUD operations for users' data within the context of authenticated sessions.

## Functional Requirements

### User Authentication
- Support HTTP Basic Auth or JWT tokens for user registration and login.
- Provide endpoints for user authentication (registration/login/logout).

### To-Do Management
- Users can create new to-dos with title, description, due date, priority level, and status.
- Retrieve all users' to-do items.
- Update existing to-dos by changing the title, description, due date, priority level, and status.
- Delete specific to-do items from their list.

### Authorization
- Only authorized users can access or modify other user's data within their session.

### Error Handling & Validation
- Validate input parameters for each API endpoint using appropriate schemas or validators.
- Provide meaningful error messages and HTTP status codes for errors.

## Technology Stack

### Programming Language & Framework
- Python 3.8+
- FastAPI framework for building the main application and microservices.

### Authentication/Authorization
- JWT tokens with dependency on Auth0 for user sessions management.
- User Management Service handles authentication, authorization, and session management.

### Database
- PostgreSQL as the relational database to store to-do items and related metadata.

### API Gateway & Microservice Orchestration
- Kong for managing microservices interactions via an API gateway.
- Kubernetes/Gateway Load Balancer for managing microservices independently of external requests.

### Security
- Input sanitization and protection against SQL injection/OWASP Top Ten vulnerabilities.
- JWT tokens are used for authentication instead of HTTP Basic Auth for enhanced security.

### Logging & Monitoring
- AWS CloudWatch or Google Stackdriver for logging with a centralized dashboard using Grafana.

## Implementation Plan

### Phase 1: Authentication and CRUD Endpoints
#### Task 1.1 - Design API Endpoints for User Authentication
Create endpoints for user registration, login, logout, token refresh, and session management.
- Use FastAPI framework and PyJWT JWT library.
- Deliver registered models (User, Token) and authentication/authorization decorators.

#### Task 1.2 - Design CRUD Endpoints for To-Dos
Design CRUD operations for to-do items with validation and error handling in

Specification saved to output/specification.md
File Planner took 49.19 sec

===== FILE PLAN =====

{'project_name': 'todo-api', 'files': [{'path': 'requirements.txt', 'description': 'Python dependencies'}, {'path': 'app/main.py', 'description': 'FastAPI application entrypoint', 'depends_on': ['app/auth/routers/login.py', 'app/todos/routers/v1/todos.py']}, {'path': 'app/auth/__init__.py', 'description': 'Initialization file for auth module', 'depends_on': ['app/auth/routers']}, {'path': 'app/auth/routers/login.py', 'description': 'Routers for user authentication endpoints'}, {'path': 'app/todos/__init__.py', 'description': 'Initialization file for todos module', 'depends_on': ['app/todos/routers/v1']}, {'path': 'app/todos/routers/v1/__init__.py', 'description': 'Initialization file for v1 router'}, {'path': 'app/todos/routers/v1/todos.py', 'description': 'Routers for to-do CRUD operations in version 1'}]}

Generating:
requirements.txt

Known Project Structure:
requirements.txt
app/main.py
app/auth/__init__.py
app/auth/routers/login.py
app/todos/__init__.py
app/todos/routers/v1/__init__.py
app/todos/routers/v1/todos.py

Coder took 205.56 sec
Validator took 50.75 sec
Created: output/project/requirements.txt

Generating:
app/main.py

Known Project Structure:
requirements.txt
app/main.py
app/auth/__init__.py
app/auth/routers/login.py
app/todos/__init__.py
app/todos/routers/v1/__init__.py
app/todos/routers/v1/todos.py

Coder took 72.14 sec
Validator took 23.75 sec
Fixer took 30.88 sec
Import Validator took 22.65 sec
Test Generator took 458.02 sec
Fix attempt 1 for app/main.py
Fixer took 80.67 sec
Import Validator took 50.49 sec
Test Generator took 383.73 sec
Fix attempt 2 for app/main.py
Fixer took 47.07 sec
Import Validator took 21.28 sec
Test Generator took 253.75 sec
Fix attempt 3 for app/main.py
✓ Passed successfully after fixes: app/main.py
Created: output/project/app/main.py

Generating:
app/auth/__init__.py

Known Project Structure:
requirements.txt
app/main.py
app/auth/__init__.py
app/auth/routers/login.py
app/todos/__init__.py
app/todos/routers/v1/__init__.py
app/todos/routers/v1/todos.py

Coder took 62.21 sec
Validator took 12.41 sec
Fixer took 20.05 sec
Import Validator took 18.72 sec
Test Generator took 159.63 sec
Fix attempt 1 for app/auth/__init__.py
Fixer took 29.37 sec
Import Validator took 18.83 sec
Test Generator took 134.51 sec
Fix attempt 2 for app/auth/__init__.py
Fixer took 40.23 sec
Import Validator took 19.05 sec
Test Generator took 192.06 sec
Fix attempt 3 for app/auth/__init__.py
✓ Passed successfully after fixes: app/auth/__init__.py
Created: output/project/app/auth/__init__.py

Generating:
app/auth/routers/login.py

Known Project Structure:
requirements.txt
app/main.py
app/auth/__init__.py
app/auth/routers/login.py
app/todos/__init__.py
app/todos/routers/v1/__init__.py
app/todos/routers/v1/todos.py

Coder took 204.33 sec
Validator took 131.61 sec
Import Validator took 85.47 sec
Test Generator took 306.88 sec
Fixer took 176.98 sec
Import Validator took 88.63 sec
Test Generator took 386.44 sec
Fix attempt 1 for app/auth/routers/login.py
Fixer took 152.82 sec
Import Validator took 40.54 sec
Test Generator took 205.84 sec
Fix attempt 2 for app/auth/routers/login.py
Fixer took 109.68 sec
Import Validator took 42.78 sec
Test Generator took 184.39 sec
Fix attempt 3 for app/auth/routers/login.py
✓ Passed successfully after fixes: app/auth/routers/login.py
Created: output/project/app/auth/routers/login.py

Generating:
app/todos/__init__.py

Known Project Structure:
requirements.txt
app/main.py
app/auth/__init__.py
app/auth/routers/login.py
app/todos/__init__.py
app/todos/routers/v1/__init__.py
app/todos/routers/v1/todos.py

Coder took 65.15 sec
Validator took 14.51 sec
Fixer took 21.66 sec
Import Validator took 20.03 sec
Test Generator took 194.06 sec
Fix attempt 1 for app/todos/__init__.py
Fixer took 32.90 sec
Import Validator took 20.79 sec
Test Generator took 259.77 sec
Fix attempt 2 for app/todos/__init__.py
Fixer took 43.38 sec
Import Validator took 20.81 sec
Test Generator took 246.96 sec
Fix attempt 3 for app/todos/__init__.py
✓ Passed successfully after fixes: app/todos/__init__.py
Created: output/project/app/todos/__init__.py

Generating:
app/todos/routers/v1/__init__.py

Known Project Structure:
requirements.txt
app/main.py
app/auth/__init__.py
app/auth/routers/login.py
app/todos/__init__.py
app/todos/routers/v1/__init__.py
app/todos/routers/v1/todos.py

Coder took 71.13 sec
Validator took 21.27 sec
Import Validator took 23.32 sec
Test Generator took 283.54 sec
Fixer took 80.48 sec
Import Validator took 52.55 sec
Test Generator took 548.22 sec
Fix attempt 1 for app/todos/routers/v1/__init__.py
Fixer took 114.18 sec
Import Validator took 53.58 sec
Test Generator took 465.16 sec
Fix attempt 2 for app/todos/routers/v1/__init__.py
Fixer took 135.84 sec
Import Validator took 53.61 sec
Test Generator took 417.63 sec
Fix attempt 3 for app/todos/routers/v1/__init__.py
✓ Passed successfully after fixes: app/todos/routers/v1/__init__.py
Created: output/project/app/todos/routers/v1/__init__.py

Generating:
app/todos/routers/v1/todos.py

Known Project Structure:
requirements.txt
app/main.py
app/auth/__init__.py
app/auth/routers/login.py
app/todos/__init__.py
app/todos/routers/v1/__init__.py
app/todos/routers/v1/todos.py

Coder took 291.23 sec
Validator took 233.02 sec
Import Validator took 99.20 sec
Test Generator took 375.85 sec
Fixer took 275.52 sec
Import Validator took 107.71 sec
Test Generator took 528.83 sec
Fix attempt 1 for app/todos/routers/v1/todos.py
Fixer took 290.70 sec
Import Validator took 216.50 sec
Test Generator took 930.08 sec
Fix attempt 2 for app/todos/routers/v1/todos.py
Fixer took 291.02 sec
Import Validator took 101.77 sec
Test Generator took 565.83 sec
Fix attempt 3 for app/todos/routers/v1/todos.py
✓ Passed successfully after fixes: app/todos/routers/v1/todos.py
Created: output/project/app/todos/routers/v1/todos.py
